// Jest Snapshot v1, https://goo.gl/fbAQLP

exports[`<Item /> snapshot test 1`] = `
<div
  className="components-Tombstone-Item-Item__item--1663g"
>
  <span
    className="components-Tombstone-Item-Item__title--1LAhf"
  >
    title
  </span>
  <span
    className="components-Tombstone-Item-Item__content--1VWxa"
  >
    content
  </span>
</div>
`;
