// Jest Snapshot v1, https://goo.gl/fbAQLP

exports[`<Item /> snapshot test 1`] = `
<div
  className="components-Tombstone-Item-Item__item"
>
  <span
    className="components-Tombstone-Item-Item__title"
  >
    title
  </span>
  <span
    className="components-Tombstone-Item-Item__content"
  >
    content
  </span>
</div>
`;
