// Jest Snapshot v1, https://goo.gl/fbAQLP

exports[`<Profile /> snapshot test 1`] = `
<div
  className="MuiPaper-root MuiPaper-elevation2 components-AppHeader-Profile-Profile__container MuiPaper-rounded"
  tabIndex={-1}
>
  <div
    className="components-AppHeader-Profile-Profile__row"
  >
    <h6
      className="MuiTypography-root MuiTypography-h6"
    >
      User Profile
    </h6>
  </div>
  <div
    className="components-AppHeader-Profile-Profile__row"
  >
    <p
      className="MuiTypography-root components-AppHeader-Profile-Profile__field-title MuiTypography-body2"
    >
      Groups: 
    </p>
    <ol
      className="components-AppHeader-Profile-Profile__group-list"
    >
      <li>
        <p
          className="MuiTypography-root MuiTypography-body2"
        >
          proc
        </p>
      </li>
      <li>
        <p
          className="MuiTypography-root MuiTypography-body2"
        >
          proc-mgr
        </p>
      </li>
      <li>
        <p
          className="MuiTypography-root MuiTypography-body2"
        >
          feuw
        </p>
      </li>
      <li>
        <p
          className="MuiTypography-root MuiTypography-body2"
        >
          feuw-mgr
        </p>
      </li>
      <li>
        <p
          className="MuiTypography-root MuiTypography-body2"
        >
          beuw
        </p>
      </li>
      <li>
        <p
          className="MuiTypography-root MuiTypography-body2"
        >
          beuw-mgr
        </p>
      </li>
      <li>
        <p
          className="MuiTypography-root MuiTypography-body2"
        >
          docgen
        </p>
      </li>
      <li>
        <p
          className="MuiTypography-root MuiTypography-body2"
        >
          docgen-mgr
        </p>
      </li>
      <li>
        <p
          className="MuiTypography-root MuiTypography-body2"
        >
          docsin
        </p>
      </li>
      <li>
        <p
          className="MuiTypography-root MuiTypography-body2"
        >
          docsin-mgr
        </p>
      </li>
      <li>
        <p
          className="MuiTypography-root MuiTypography-body2"
        >
          beta
        </p>
      </li>
      <li>
        <p
          className="MuiTypography-root MuiTypography-body2"
        >
          beta-mgr
        </p>
      </li>
      <li>
        <p
          className="MuiTypography-root MuiTypography-body2"
        >
          stager
        </p>
      </li>
      <li>
        <p
          className="MuiTypography-root MuiTypography-body2"
        >
          stager-mgr
        </p>
      </li>
      <li>
        <p
          className="MuiTypography-root MuiTypography-body2"
        >
          trial
        </p>
      </li>
      <li>
        <p
          className="MuiTypography-root MuiTypography-body2"
        >
          trial-mgr
        </p>
      </li>
      <li>
        <p
          className="MuiTypography-root MuiTypography-body2"
        >
          util
        </p>
      </li>
      <li>
        <p
          className="MuiTypography-root MuiTypography-body2"
        >
          util-mgr
        </p>
      </li>
      <li>
        <p
          className="MuiTypography-root MuiTypography-body2"
        >
          postmodstager
        </p>
      </li>
      <li>
        <p
          className="MuiTypography-root MuiTypography-body2"
        >
          postmodstager-mgr
        </p>
      </li>
      <li>
        <p
          className="MuiTypography-root MuiTypography-body2"
        >
          booking
        </p>
      </li>
      <li>
        <p
          className="MuiTypography-root MuiTypography-body2"
        >
          booking-mgr
        </p>
      </li>
      <li>
        <p
          className="MuiTypography-root MuiTypography-body2"
        >
          docgenvendor
        </p>
      </li>
      <li>
        <p
          className="MuiTypography-root MuiTypography-body2"
        >
          docgenvendor-mgr
        </p>
      </li>
    </ol>
  </div>
  <div
    className="components-AppHeader-Profile-Profile__row"
  >
    <p
      className="MuiTypography-root components-AppHeader-Profile-Profile__field-title MuiTypography-body2"
    >
      Name: 
    </p>
    <p
      className="MuiTypography-root MuiTypography-body2"
    >
      name
    </p>
  </div>
  <div
    className="components-AppHeader-Profile-Profile__row"
  >
    <p
      className="MuiTypography-root components-AppHeader-Profile-Profile__field-title MuiTypography-body2"
    >
      Email: 
    </p>
    <p
      className="MuiTypography-root MuiTypography-body2"
    >
      email
    </p>
  </div>
  <div
    className="components-AppHeader-Profile-Profile__row"
  >
    <p
      className="MuiTypography-root components-AppHeader-Profile-Profile__field-title MuiTypography-body2"
    >
      Skills: 
    </p>
    <div
      className="components-AppHeader-Profile-Profile__skills"
    >
      <ol
        className="components-AppHeader-Profile-Profile__group-list"
      >
        <li
          className=""
        >
          <p
            className="MuiTypography-root MuiTypography-body2"
          >
            FEUW-Skill1 - something
          </p>
        </li>
        <li
          className=""
        >
          <p
            className="MuiTypography-root MuiTypography-body2"
          >
            FEUW-Skill2 - nothing
          </p>
        </li>
        <li
          className=""
        >
          <p
            className="MuiTypography-root MuiTypography-body2"
          >
            FEUW-Skill14 - InVESTOR
          </p>
        </li>
        <li
          className=""
        >
          <p
            className="MuiTypography-root MuiTypography-body2"
          >
            FEUW-Skill19 - MRC Onshore
          </p>
        </li>
      </ol>
    </div>
  </div>
</div>
`;
