// Jest Snapshot v1, https://goo.gl/fbAQLP

exports[`<Profile /> snapshot test 1`] = `
<div
  className="MuiPaper-root-1 MuiPaper-elevation2-5 MuiPaper-rounded-2 components-AppHeader-Profile-Profile__container"
  tabIndex={-1}
>
  <h2
    className="MuiTypography-root-28 MuiTypography-title-34"
  >
    User Profile
  </h2>
  <div
    className="components-AppHeader-Profile-Profile__row"
  >
    <p
      className="MuiTypography-root-28 MuiTypography-body1-37 components-AppHeader-Profile-Profile__field-title"
    >
      Name: 
    </p>
    <p
      className="MuiTypography-root-28 MuiTypography-body1-37"
    >
      name
    </p>
  </div>
  <div
    className="components-AppHeader-Profile-Profile__row"
  >
    <p
      className="MuiTypography-root-28 MuiTypography-body1-37 components-AppHeader-Profile-Profile__field-title"
    >
      Email: 
    </p>
    <p
      className="MuiTypography-root-28 MuiTypography-body1-37"
    >
      email
    </p>
  </div>
  <div
    className="components-AppHeader-Profile-Profile__row"
  >
    <p
      className="MuiTypography-root-28 MuiTypography-body1-37 components-AppHeader-Profile-Profile__field-title"
    >
      Groups: 
    </p>
    <ol
      className="components-AppHeader-Profile-Profile__group-list"
    >
      <li>
        <p
          className="MuiTypography-root-28 MuiTypography-body1-37"
        >
          group1
        </p>
      </li>
      <li>
        <p
          className="MuiTypography-root-28 MuiTypography-body1-37"
        >
          group2
        </p>
      </li>
    </ol>
  </div>
  <div
    className="components-AppHeader-Profile-Profile__row"
  >
    <p
      className="MuiTypography-root-28 MuiTypography-body1-37 components-AppHeader-Profile-Profile__field-title"
    >
      Skills: 
    </p>
    <ol
      className="components-AppHeader-Profile-Profile__group-list"
    >
      <li>
        <p
          className="MuiTypography-root-28 MuiTypography-body1-37"
        >
          Skill1 - something
        </p>
      </li>
      <li>
        <p
          className="MuiTypography-root-28 MuiTypography-body1-37"
        >
          Skill2 - nothing
        </p>
      </li>
      <li>
        <p
          className="MuiTypography-root-28 MuiTypography-body1-37"
        >
          Skill14 - InVESTOR
        </p>
      </li>
      <li>
        <p
          className="MuiTypography-root-28 MuiTypography-body1-37"
        >
          Skill19 - MRC Onshore
        </p>
      </li>
    </ol>
  </div>
</div>
`;
