// Jest Snapshot v1, https://goo.gl/fbAQLP

exports[`<GetNext /> snapshot test 1`] = `
<button
  className="MuiButtonBase-root-27 MuiButton-root-1 MuiButton-contained-12 MuiButton-containedPrimary-13 MuiButton-raised-15 MuiButton-raisedPrimary-16 material-ui-button components-ContentHeader-GetNext-GetNext__get-next--3nV4r"
  disabled={false}
  onBlur={[Function]}
  onClick={[Function]}
  onFocus={[Function]}
  onKeyDown={[Function]}
  onKeyUp={[Function]}
  onMouseDown={[Function]}
  onMouseLeave={[Function]}
  onMouseUp={[Function]}
  onTouchEnd={[Function]}
  onTouchMove={[Function]}
  onTouchStart={[Function]}
  tabIndex="0"
  type="button"
>
  <span
    className="MuiButton-label-2"
  >
    Get Next
  </span>
  <span
    className="MuiTouchRipple-root-30"
  />
</button>
`;
