// Jest Snapshot v1, https://goo.gl/fbAQLP

exports[`<TaskStatusIcon /> TaskStatusIcon renders correctly 1`] = `
<span
  className="MuiButtonBase-root-17 MuiIconButton-root-11 MuiSwitchBase-root-7 MuiCheckbox-root-1 MuiCheckbox-colorSecondary-6"
  onBlur={[Function]}
  onFocus={[Function]}
  onKeyDown={[Function]}
  onKeyUp={[Function]}
  onMouseDown={[Function]}
  onMouseLeave={[Function]}
  onMouseUp={[Function]}
  onTouchEnd={[Function]}
  onTouchMove={[Function]}
  onTouchStart={[Function]}
  tabIndex={null}
>
  <span
    className="MuiIconButton-label-16"
  >
    <img
      alt="task_pane_icon"
      className="components-TaskStatusIcon-TaskStatusIcon__largeIcon--2g5vW"
      src="/static/img/default_unselected.svg"
    />
    <input
      checked={false}
      className="MuiSwitchBase-input-10"
      data-indeterminate={false}
      id="taskStatusIcon"
      onChange={[Function]}
      type="checkbox"
    />
  </span>
  <span
    className="MuiTouchRipple-root-20"
  />
</span>
`;
