// Jest Snapshot v1, https://goo.gl/fbAQLP

exports[`<Task Components /> CollapseIcon renders correctly 1`] = `
<svg
  aria-hidden="true"
  className="MuiSvgIcon-root-1"
  focusable="false"
  role="presentation"
  viewBox="0 0 24 24"
>
  <path
    d="M15.41 7.41L14 6l-6 6 6 6 1.41-1.41L10.83 12z"
  />
  <path
    d="M0 0h24v24H0z"
    fill="none"
  />
</svg>
`;

exports[`<Task Components /> LeftParentTasks renders correctly when collapsed 1`] = `
<div
  className="components-Tasks-LeftParentTasks__left-pane-tasks-main-div"
>
  <div
    className="components-Tasks-LeftParentTasks__left-pane-scrollable-tasks"
  />
</div>
`;

exports[`<Task Components /> LeftParentTasks renders correctly when expanded 1`] = `
<div
  className="components-Tasks-LeftParentTasks__left-pane-tasks-main-div"
>
  <div
    className="components-Tasks-LeftParentTasks__left-pane-scrollable-tasks"
  />
</div>
`;
