// Jest Snapshot v1, https://goo.gl/fbAQLP

exports[`<LeftTaskPane Components /> LeftTaskPane renders correctly 1`] = `
<div
  className="stretch-column"
>
  <div
    className="components-LeftTaskPane-LeftTaskPane__taskpane"
    id="cmod_taskpane"
    style={
      Object {
        "width": "20rem",
      }
    }
  >
    <div
      className="components-LeftTaskPane-LeftTaskPane__task-pane-controls"
    >
      <span
        className="components-LeftTaskPane-LeftTaskPane__status-select-field-span"
      >
        <div
          className="MuiFormControl-root MuiTextField-root status-select-field"
        >
          <label
            className="MuiFormLabel-root MuiInputLabel-root MuiInputLabel-formControl MuiInputLabel-animated MuiInputLabel-shrink MuiFormLabel-filled"
            data-shrink={true}
            htmlFor="status-selector"
          >
            Status
          </label>
          <div
            className="MuiInputBase-root MuiInput-root MuiInputBase-formControl MuiInput-formControl"
            onClick={[Function]}
          >
            <div
              aria-haspopup="true"
              aria-pressed="false"
              className="MuiSelect-root MuiSelect-select MuiSelect-selectMenu MuiInputBase-input MuiInput-input status-select-field-text MuiInputBase-inputSelect"
              onBlur={[Function]}
              onClick={[Function]}
              onFocus={[Function]}
              onKeyDown={[Function]}
              role="button"
              tabIndex={0}
            >
              All
            </div>
            <input
              id="status-selector"
              type="hidden"
              value="All"
            />
            <svg
              aria-hidden="true"
              className="MuiSvgIcon-root MuiSelect-icon"
              focusable="false"
              role="presentation"
              viewBox="0 0 24 24"
            >
              <path
                d="M7 10l5 5 5-5z"
              />
            </svg>
          </div>
        </div>
      </span>
      <div
        className="components-LeftTaskPane-LeftTaskPane__icons"
      >
        <div
          className="components-LeftTaskPane-LeftTaskPane__checklist-history-icon"
        >
          <button
            aria-describedby={null}
            aria-label="Checklist History"
            className="MuiButtonBase-root MuiFab-root ChecklistHistory-custom-75 MuiFab-secondary"
            disabled={false}
            onBlur={[Function]}
            onClick={[Function]}
            onDragLeave={[Function]}
            onFocus={[Function]}
            onKeyDown={[Function]}
            onKeyUp={[Function]}
            onMouseDown={[Function]}
            onMouseLeave={[Function]}
            onMouseOver={[Function]}
            onMouseUp={[Function]}
            onTouchEnd={[Function]}
            onTouchMove={[Function]}
            onTouchStart={[Function]}
            style={
              Object {
                "marginLeft": "3rem",
              }
            }
            tabIndex={0}
            title="Checklist History"
            type="button"
          >
            <span
              className="MuiFab-label"
            >
              <svg
                aria-hidden="true"
                className="MuiSvgIcon-root"
                focusable="false"
                role="presentation"
                viewBox="0 0 24 24"
              >
                <path
                  d="M13 3c-4.97 0-9 4.03-9 9H1l3.89 3.89.07.14L9 12H6c0-3.87 3.13-7 7-7s7 3.13 7 7-3.13 7-7 7c-1.93 0-3.68-.79-4.94-2.06l-1.42 1.42C8.27 19.99 10.51 21 13 21c4.97 0 9-4.03 9-9s-4.03-9-9-9zm-1 5v5l4.28 2.54.72-1.21-3.5-2.08V8H12z"
                />
              </svg>
            </span>
            <span
              className="MuiTouchRipple-root"
            />
          </button>
        </div>
      </div>
      <span
        className="components-LeftTaskPane-LeftTaskPane__collapse-icon-open"
        onClick={[Function]}
        onKeyPress={[Function]}
        role="button"
        tabIndex={0}
      >
        <svg
          aria-hidden="true"
          className="MuiSvgIcon-root"
          focusable="false"
          role="presentation"
          viewBox="0 0 24 24"
        >
          <path
            d="M15.41 7.41L14 6l-6 6 6 6 1.41-1.41L10.83 12z"
          />
        </svg>
      </span>
    </div>
    <div
      className="components-Tasks-LeftParentTasks__left-pane-tasks-main-div"
    >
      <div
        className="components-Tasks-LeftParentTasks__left-pane-scrollable-tasks"
      />
    </div>
  </div>
</div>
`;
