// Jest Snapshot v1, https://goo.gl/fbAQLP

exports[`<LeftTaskPane Components /> LeftTaskPane renders correctly 1`] = `
<div
  className="components-LeftTaskPane-LeftTaskPane__stretch-column"
>
  <div
    className="components-LeftTaskPane-LeftTaskPane__taskpane"
    id="cmod_taskpane"
    style={
      Object {
        "width": "20rem",
      }
    }
  >
    <div
      className="components-LeftTaskPane-LeftTaskPane__task-pane-controls"
    >
      <span
        className="components-LeftTaskPane-LeftTaskPane__status-select-field-span"
      >
        <div
          className="MuiFormControl-root-1 status-select-field"
        >
          <label
            className="MuiFormLabel-root-12 MuiFormLabel-filled-16 MuiInputLabel-root-5 MuiInputLabel-formControl-6 MuiInputLabel-animated-9 MuiInputLabel-shrink-8"
            data-shrink={true}
            htmlFor="status-selector"
          >
            Status
          </label>
          <div
            className="MuiInputBase-root-39 MuiInput-root-26 MuiInputBase-formControl-40 MuiInput-formControl-27"
            onClick={[Function]}
          >
            <div
              className="MuiSelect-root-19"
            >
              <div
                aria-haspopup="true"
                aria-owns={null}
                aria-pressed="false"
                className="MuiSelect-select-20 MuiSelect-selectMenu-23 MuiInputBase-input-49 MuiInput-input-34 status-select-field-text"
                onBlur={[Function]}
                onClick={[Function]}
                onFocus={[Function]}
                onKeyDown={[Function]}
                role="button"
                tabIndex={0}
              >
                All
              </div>
              <input
                id="status-selector"
                type="hidden"
                value="All"
              />
              <svg
                aria-hidden="true"
                className="MuiSvgIcon-root-56 MuiSelect-icon-25"
                focusable="false"
                role="presentation"
                viewBox="0 0 24 24"
              >
                <path
                  d="M7 10l5 5 5-5z"
                />
              </svg>
            </div>
          </div>
        </div>
      </span>
      <span
        className="components-LeftTaskPane-LeftTaskPane__collapse-icon-open"
        onClick={[Function]}
        onKeyPress={[Function]}
        role="button"
        tabIndex={0}
      >
        <svg
          aria-hidden="true"
          className="MuiSvgIcon-root-56"
          focusable="false"
          role="presentation"
          viewBox="0 0 24 24"
        >
          <path
            d="M15.41 7.41L14 6l-6 6 6 6 1.41-1.41L10.83 12z"
          />
          <path
            d="M0 0h24v24H0z"
            fill="none"
          />
        </svg>
      </span>
    </div>
    <div
      className="components-Tasks-LeftParentTasks__left-pane-tasks-main-div"
    >
      <div
        className="components-Tasks-LeftParentTasks__left-pane-scrollable-tasks"
      />
    </div>
  </div>
</div>
`;
