// Jest Snapshot v1, https://goo.gl/fbAQLP

exports[`<LeftTaskPane Components /> LeftTaskPane renders correctly 1`] = `
<div
  className="stretch-column"
>
  <div
    className="components-LeftTaskPane-LeftTaskPane__taskpane"
    id="cmod_taskpane"
    style={
      Object {
        "width": "20rem",
      }
    }
  >
    <div
      className="components-LeftTaskPane-LeftTaskPane__task-pane-controls"
    >
      <span
        className="components-LeftTaskPane-LeftTaskPane__status-select-field-span"
      >
        <div
          className="MuiFormControl-root-1 status-select-field"
        >
          <label
            className="MuiFormLabel-root-16 MuiFormLabel-filled-20 MuiInputLabel-root-5 MuiInputLabel-formControl-10 MuiInputLabel-animated-13 MuiInputLabel-shrink-12"
            data-shrink={true}
            htmlFor="status-selector"
          >
            Status
          </label>
          <div
            className="MuiInputBase-root-43 MuiInput-root-30 MuiInputBase-formControl-44 MuiInput-formControl-31"
            onClick={[Function]}
          >
            <div
              className="MuiSelect-root-23"
            >
              <div
                aria-haspopup="true"
                aria-pressed="false"
                className="MuiSelect-select-24 MuiSelect-selectMenu-27 MuiInputBase-input-53 MuiInput-input-38 status-select-field-text"
                onBlur={[Function]}
                onClick={[Function]}
                onFocus={[Function]}
                onKeyDown={[Function]}
                role="button"
                tabIndex={0}
              >
                All
              </div>
              <input
                id="status-selector"
                type="hidden"
                value="All"
              />
              <svg
                aria-hidden="true"
                className="MuiSvgIcon-root-60 MuiSelect-icon-29"
                focusable="false"
                role="presentation"
                viewBox="0 0 24 24"
              >
                <path
                  d="M7 10l5 5 5-5z"
                />
              </svg>
            </div>
          </div>
        </div>
      </span>
      <button
        className="MuiButtonBase-root-99 MuiButton-root-73 MuiButton-contained-84 MuiButton-containedPrimary-85 MuiButton-raised-87 MuiButton-raisedPrimary-88 material-ui-button components-LeftTaskPane-AddTask__add-task"
        disabled={false}
        onBlur={[Function]}
        onClick={[Function]}
        onContextMenu={[Function]}
        onFocus={[Function]}
        onKeyDown={[Function]}
        onKeyUp={[Function]}
        onMouseDown={[Function]}
        onMouseLeave={[Function]}
        onMouseUp={[Function]}
        onTouchEnd={[Function]}
        onTouchMove={[Function]}
        onTouchStart={[Function]}
        tabIndex="0"
        type="button"
      >
        <span
          className="MuiButton-label-74"
        >
          <img
            alt="add-icon"
            height="25"
            src="/static/img/add.svg"
            width="25"
          />
          <span>
            ADD TASK
          </span>
        </span>
        <span
          className="MuiTouchRipple-root-102"
        />
      </button>
      <span
        className="components-LeftTaskPane-LeftTaskPane__collapse-icon-open"
        onClick={[Function]}
        onKeyPress={[Function]}
        role="button"
        tabIndex={0}
      >
        <svg
          aria-hidden="true"
          className="MuiSvgIcon-root-60"
          focusable="false"
          role="presentation"
          viewBox="0 0 24 24"
        >
          <path
            d="M15.41 7.41L14 6l-6 6 6 6 1.41-1.41L10.83 12z"
          />
          <path
            d="M0 0h24v24H0z"
            fill="none"
          />
        </svg>
      </span>
    </div>
    <div
      className="components-Tasks-LeftParentTasks__left-pane-tasks-main-div"
    >
      <div
        className="components-Tasks-LeftParentTasks__left-pane-scrollable-tasks"
      />
    </div>
  </div>
</div>
`;
